// Jest Snapshot v1, https://goo.gl/fbAQLP

exports[`Form Component should render a form 1`] = `
<form>
  <div
    className="label-group"
  >
    <label
      for="title-input"
    >
      Idea Title
    </label>
    <input
      id="title-input"
      type="text"
    />
  </div>
  <div
    className="label-group"
  >
    <label
      for="description-input"
    >
      Idea Title
    </label>
    <input
      id="description-input"
      type="text"
    />
  </div>
  <button
    className="add-card-btn"
    onClick={[Function]}
  >
    Add Idea
  </button>
</form>
`;
